../Core/Src/Odrive/odriver.c:49:6:OdriveInit	24	static
../Core/Src/Odrive/odriver.c:70:6:OdriveSetControlMode	24	static
../Core/Src/Odrive/odriver.c:91:6:OdriveSetInputMode	24	static
../Core/Src/Odrive/odriver.c:115:6:OdriveSetControlInputMode	24	static
../Core/Src/Odrive/odriver.c:141:6:OdriveTurn	40	static
../Core/Src/Odrive/odriver.c:173:6:OdriveFeedBackCorrection	24	static
../Core/Src/Odrive/odriver.c:196:6:OdriveUpdatePos	24	static
../Core/Src/Odrive/odriver.c:220:6:OdriveTurnCountInertia	32	static
../Core/Src/Odrive/odriver.c:239:6:OdriveHandBrake	16	static
../Core/Src/Odrive/odriver.c:267:6:OdriveVelocity	32	static
../Core/Src/Odrive/odriver.c:299:6:OdriveStop	16	static
../Core/Src/Odrive/odriver.c:316:6:OdriveRelease	16	static
../Core/Src/Odrive/odriver.c:330:6:OdriveTorque	32	static
../Core/Src/Odrive/odriver.c:356:6:OdriveRestart	24	static
../Core/Src/Odrive/odriver.c:370:6:OdriveClearError	24	static
../Core/Src/Odrive/odriver.c:383:6:OdriveSetAbsolutePosition	24	static
../Core/Src/Odrive/odriver.c:399:6:OdriveEnquire	16	static
../Core/Src/Odrive/odriver.c:422:6:decode_Odrive	32	static
../Core/Src/Odrive/odriver.c:472:6:OdriveSetAxisRequestedState	24	static
../Core/Src/Odrive/odriver.c:491:6:OdriveSetInertia	24	static
../Core/Src/Odrive/odriver.c:509:6:OdriveAbsoluteTurn	32	static
../Core/Src/Odrive/odriver.c:529:6:OdriveSetRPSandCurrentMax	32	static
../Core/Src/Odrive/odriver.c:539:6:OdriveSendCAN	24	static
../Core/Src/Odrive/odriver.c:543:6:OdriveSendRTRCAN	16	static
../Core/Src/Odrive/odriver.c:547:6:OdriveGetEncoderFeedback	16	static
../Core/Src/Odrive/odriver.c:552:6:OdriveGetTemperatureFeedback	16	static
../Core/Src/Odrive/odriver.c:557:6:OdriveGetBusVoltageAndCurrent	16	static
../Core/Src/Odrive/odriver.c:562:6:OdriveRPStoVelocity	32	static
../Core/Src/Odrive/odriver.c:568:13:Odriveerror_to_string	16	static
../Core/Src/Odrive/odriver.c:596:6:OdriveAngle	24	static
