../Core/Src/VESC_CAN/vesc_can.c:36:6:comm_can_send_buffer	64	static
../Core/Src/VESC_CAN/vesc_can.c:120:6:comm_can_set_duty	24	static
../Core/Src/VESC_CAN/vesc_can.c:133:6:comm_can_set_current	24	static
../Core/Src/VESC_CAN/vesc_can.c:153:6:comm_can_set_current_off_delay	40	static
../Core/Src/VESC_CAN/vesc_can.c:167:6:comm_can_set_current_brake	24	static
../Core/Src/VESC_CAN/vesc_can.c:180:6:comm_can_set_rpm	24	static
../Core/Src/VESC_CAN/vesc_can.c:193:6:comm_can_move_pos	32	static
../Core/Src/VESC_CAN/vesc_can.c:226:6:comm_can_set_pos	32	static
../Core/Src/VESC_CAN/vesc_can.c:253:6:comm_can_set_current_rel	24	static
../Core/Src/VESC_CAN/vesc_can.c:275:6:comm_can_set_current_brake_rel	24	static
../Core/Src/VESC_CAN/vesc_can.c:297:6:comm_can_set_handbrake	24	static
../Core/Src/VESC_CAN/vesc_can.c:319:6:comm_can_set_handbrake_rel	24	static
../Core/Src/VESC_CAN/vesc_can.c:332:6:comm_can_packet_ADC14	24	static
../Core/Src/VESC_CAN/vesc_can.c:344:6:comm_can_packet_ADC58	24	static
../Core/Src/VESC_CAN/vesc_can.c:369:6:comm_can_packet_status	24	static
../Core/Src/VESC_CAN/vesc_can.c:383:6:comm_can_set_pos_offset	32	static
../Core/Src/VESC_CAN/vesc_can.c:397:6:comm_can_set_tachometer	24	static
../Core/Src/VESC_CAN/vesc_can.c:410:6:comm_can_brake	16	static
../Core/Src/VESC_CAN/vesc_can.c:421:6:comm_can_release_motor	16	static
../Core/Src/VESC_CAN/vesc_can.c:447:6:comm_can_conf_current_limits	40	static
../Core/Src/VESC_CAN/vesc_can.c:478:6:comm_can_conf_current_limits_in	40	static
../Core/Src/VESC_CAN/vesc_can.c:509:6:comm_can_conf_battery_cut	40	static
../Core/Src/VESC_CAN/vesc_can.c:540:6:comm_can_conf_foc_erpms	40	static
../Core/Src/VESC_CAN/vesc_can.c:556:6:decode_VESC	72	static
../Core/Src/VESC_CAN/vesc_can.c:730:13:mc_interface_fault_to_string	16	static
../Core/Src/VESC_CAN/vesc_can.c:767:10:get_rx_frame	16	static
../Core/Src/VESC_CAN/vesc_can.c:780:9:set_rx_frames	32	static
