../Core/Src/RNS_interface/RNS_interface.c:33:6:RNSInit	24	static
../Core/Src/RNS_interface/RNS_interface.c:73:6:RNSStop	16	static
../Core/Src/RNS_interface/RNS_interface.c:112:6:RNSVelocity	32	static
../Core/Src/RNS_interface/RNS_interface.c:134:6:RNSPDC	32	static
../Core/Src/RNS_interface/RNS_interface.c:156:6:RNSSwerveVel	32	static
../Core/Src/RNS_interface/RNS_interface.c:178:6:RNSSwerveRPM	32	static
../Core/Src/RNS_interface/RNS_interface.c:200:6:RNSSwervePDC	32	static
../Core/Src/RNS_interface/RNS_interface.c:222:6:RNSSwerveCurr	32	static
../Core/Src/RNS_interface/RNS_interface.c:246:6:RNSDir	32	static
../Core/Src/RNS_interface/RNS_interface.c:265:6:RNSDirZero	16	static
../Core/Src/RNS_interface/RNS_interface.c:287:6:RNSSwerveCommand	32	static
../Core/Src/RNS_interface/RNS_interface.c:305:6:RNSSwerveReset	16	static
../Core/Src/RNS_interface/RNS_interface.c:333:6:RNSSwerveStop	16	static
../Core/Src/RNS_interface/RNS_interface.c:367:6:RNSRelease	16	static
../Core/Src/RNS_interface/RNS_interface.c:402:6:RNSHBrake	16	static
../Core/Src/RNS_interface/RNS_interface.c:433:6:RNSCurrBrake	16	static
../Core/Src/RNS_interface/RNS_interface.c:467:6:RNSLFDist	24	static
../Core/Src/RNS_interface/RNS_interface.c:489:6:RNSLFJunc	32	static
../Core/Src/RNS_interface/RNS_interface.c:509:6:RNSIMURotate	16	static
../Core/Src/RNS_interface/RNS_interface.c:538:6:RNSPPstart	128	static
../Core/Src/RNS_interface/RNS_interface.c:553:6:RNSPPstart_PS	128	static
../Core/Src/RNS_interface/RNS_interface.c:576:6:RNSSendIns	16	static
../Core/Src/RNS_interface/RNS_interface.c:612:6:RNSSet	28	static
../Core/Src/RNS_interface/RNS_interface.c:705:9:RNSEnquire	16	static
../Core/Src/RNS_interface/RNS_interface.c:746:6:RNSSync	24	static
