../Core/Src/interrupt.c:18:6:SysTick_Handler	8	static
../Core/Src/interrupt.c:34:6:NMI_Handler	4	static
../Core/Src/interrupt.c:41:6:HardFault_Handler	4	static
../Core/Src/interrupt.c:48:6:MemManage_Handler	4	static
../Core/Src/interrupt.c:58:6:BusFault_Handler	4	static
../Core/Src/interrupt.c:65:6:UsageFault_Handler	4	static
../Core/Src/interrupt.c:79:6:DebugMon_Handler	4	static
../Core/Src/interrupt.c:99:6:TIM1_UP_TIM10_IRQHandler	8	static
../Core/Src/interrupt.c:116:6:TIM4_IRQHandler	8	static
../Core/Src/interrupt.c:135:6:TIM8_UP_TIM13_IRQHandler	8	static
../Core/Src/interrupt.c:154:6:TIM2_IRQHandler	8	static
../Core/Src/interrupt.c:158:6:HAL_TIM_PeriodElapsedCallback	16	static
../Core/Src/interrupt.c:170:6:HAL_I2C_MasterRxCpltCallback	16	static
../Core/Src/interrupt.c:179:6:I2C1_ER_IRQHandler	8	static
../Core/Src/interrupt.c:199:6:I2C2_ER_IRQHandler	8	static
../Core/Src/interrupt.c:221:6:I2C3_ER_IRQHandler	8	static
../Core/Src/interrupt.c:249:6:USART1_IRQHandler	8	static
../Core/Src/interrupt.c:254:6:USART2_IRQHandler	8	static
../Core/Src/interrupt.c:259:6:USART3_IRQHandler	8	static
../Core/Src/interrupt.c:264:6:UART4_IRQHandler	8	static
../Core/Src/interrupt.c:269:6:UART5_IRQHandler	8	static
../Core/Src/interrupt.c:274:6:USART6_IRQHandler	8	static
../Core/Src/interrupt.c:282:6:OTG_FS_IRQHandler	8	static
../Core/Src/interrupt.c:289:6:HAL_UART_TxCpltCallback	16	static
../Core/Src/interrupt.c:295:6:HAL_UART_RxCpltCallback	16	static
../Core/Src/interrupt.c:302:6:HAL_CAN_RxFifo0MsgPendingCallback	48	static
../Core/Src/interrupt.c:377:6:HAL_CAN_RxFifo1MsgPendingCallback	56	static
../Core/Src/interrupt.c:459:6:HAL_I2C_SlaveRxCpltCallback	16	static
../Core/Src/interrupt.c:465:6:HAL_SPI_RxCpltCallback	16	static
../Core/Src/interrupt.c:476:6:Error_Handler	4	static,ignoring_inline_asm
